// Jest Snapshot v1, https://goo.gl/fbAQLP

exports[`renders correctly 1`] = `
<div
  style={
    Object {
      "marginLeft": 10,
    }
  }
>
  这是一个组件！abcd
</div>
`;
